.zzz.x.
.aaaaa.zzz.x.
.zzz..x.
.zzz...x.
.zzz.aaaaa..x.
.zzz.aaaaa..x.
.zzz.aaaaa..aaaaa..x.
.t..x.
.aaaaa.t..x.
.t..x.
.t...x.
.t.aaaaa..x.
.t.aaaaa..x.
.t.aaaaa..aaaaa..x.
.t..fff.x..
.t..t..x.
.t..x...x..
.x....x.
t.aaaaaaaa.fff..t.x....x.
t.aaaaaaaa.fff..zzz.x....x.
