aaaaa.tttt.
aaaaa.tttt....
aaaaaa.tttt...tttt....
aaaaa.tttt...aaaaaa.t..aaaaaaa.t..aaaaaaaaa.t..t..t....
aaaaa.tttt..
..aaaaa.ttttt...aaaaaa.tttt....
..
