fff...
tttt..fff...
ffff.zzz.o...ttt..fffffff.t.....x..o..t.o..x...t..tt....fff.x...t..t..fff.x...
