aaaaaaaaa.ttt...
aaaaaa.aaaaaaaaa.ttt...
aaaaaaaaa.ttt..ttt..ttt...
