mmmmmmm.mmmm

mmmmmmmm.sssss
mmmmmmmm.ssssssssssssssss

mmmmmmm.mmmmm.mmmmm
mmmmm
