ttt.t...xxx.
ttt.t..zzz..o...fff.t..zzz..o..aaaaaaaa.x...aaaaaaaa.t..tttt....
tttttt.aaaaaaaa.t..tttt...fff...
tttttt..x...x....xxx.
tttttt..x...x....xxx.
tttttt.aaaaaaaa.x...zzz..aaaaaaaa.ffff.ttt..fffffff.t..o......fff...
tttttt.aaaaaaaa.aaaaaaaa.x...tttt...fff...
