aaaaaaaa.t.
aaaaaaaa.t..tttt.
aaaaaaaa.t..tttt...
aaaaaaaa.t..tttt.x.
