aaaaa.aaaaaaaaa.ttttt.
aaaaa.aaaaaaaaa.ttttt..tttt.
aaaaa.t.
aaaaa.ttttt..tttt..tttt.
aaaaa.t...ttttttt.
aaaaa.t...ttt..tttttt.zzz..
aaaaa.t...ttt..ttttt.o..
aaaaa.t...aaaaaaaa.tttt..tttt.
aaaaa.t...aaaaaaaa.ffff.x...
aaaaa.t...aaaaaaaa.aaaaaaaa.x...tttt.
