ttt..x...ttt..x.
ttt..x.x.
ttt..x..x.
ttt.ttt...x.
x...x.
x...x.
