aaaaa.ttt....
aaaaaa.ttt....
aaaaa.ttt.
aaaaa.ttt...ttt....
aaaaa.ttt...aaaaaa.ttt....
aaaaa.ttt...aaaaaa.aaaaaaa.ttt....
aaaaa.ttt...xxx..xx..tt....
aaaaa.ttt...aaaaaa.xxx..aaaaaa.xx..aaaaaa.tt....
aaaaa.ttt...ttt..xx..tt..xx..tt..tt....
aaaaa.ttt...ttt.zzz...tt..tt.tt...tt.c.....
aaaaa..
..xxx.
