zzzz.fff...
fff.c..
ttt..fff...
fff.x..x..x..
fff.t.x..t.x..t.x..
fff.t....
fff.aaaaaaaa.x...x.....
fff.ttt..tttttt.zzz.....
fff.ttt..tttttt.aaaaaaaa.x...x......
fff.aaaaaaaa.fff.t........
