zzz.x.
zzzz.f.zzzz..zzzzz.x..zzzzzzzz.x..
aaaaaaaa..zzz.x.
zzzzzzzz.zzzzz.fff...
