ppppppp.pppp
pppppppp.ssssssss
p.pppppp.pppppppppppxp.xpc
ppppppp.pppppppppxxxxp.............................p
..aaaaaa.tttt.p....................................p
....aaaaa.zzzzp.aaaaaaaapp.aaaaa.p.aaaaaa.pppppp.p.p
..pp
aaaa.x...pppppppppp.c..
pppppppp.xxxx.
aaaaa.zzz.x...cccccc.
pppp
