aaaa..xxxx....xx.ttttt..tttt..tttttt.c.mmmmmmmm.....
