ttt..ttt..x.
aaaaaaaaa...
aaaaaaaaa.ttt...
aaaaaaaaa.ttt..ttt...
