aaaaa..cccc.
...
aaa..aaaa.x......
...
aaa..aaaa..x..x....xxx.
...
aaa..aaaa...x..x....xxx...xxxxx.
...
aaa..aaaaa.aaaa...x..x..x....xxx.fff...
...
