aaaa.x...ccc.
aaaa.xxxxxx...zssssssz.
aaaa.xxxxxx...zzzssssz.
aaaa.xxxxxx...zzssssz.
aaaa.xxxxxx...zzzzzzzzzzzzssss
ssss
ssss
zzzzzzzzzzz.
