xxx..aaaaaaaa.fff.zzz....
ttt.zzz..x.
ttt.xxx..x.
ttt.c..x.
ttt..ttt.zzz..x.
ttt..ttt.xx..x.
ttt..ttt.c..x.
fff.xxx..zzz..c..x..x..c..x..
tttt..fff.xxx..zzz..c..x..x..c..x..
