aaaaaaaa..aaaaaaaa.t.
aaaaaa.t.
aaaaaaaa..aaaaaaaa.t..aaaaaaaa...ttt..ttttttttttt.ttt..tttttttttttt.x..x...
aaaaaa.t.
aaaaaaaa.t..t..tttt.
aaaaaaaa..aaaaaaaa....tttt.
zzzz.fff.tttt......xxxx...
..ff.xxxx.....
.
