aaaaaaa.ttt.xxx.
aaaaa.t...zzz.
aaaaa.ttt...xxx.
aaaaa.t.
aaaaa.ttt..xxx.
