zzz.x...c.
ttt.x.
aaaa.x...c.
aaaa..x..x..x....fff...
cccc...x...x.
